<type p="$$normPath(::cwd::/Main.hx):7: characters 18-22">
Option&lt;Int&gt;
</type>