<type p="$$normPath(::cwd::/Main.hx):8: characters 18-22">
v : Int -&gt; Option&lt;Int&gt;
</type>